============================= test session starts =============================
platform win32 -- Python 3.12.7, pytest-8.3.4, pluggy-1.5.0
rootdir: C:\modelPlate
configfile: pyproject.toml
testpaths: modules/*/tests
plugins: anyio-4.7.0, dash-3.2.0
collected 9 items / 15 errors

=================================== ERRORS ====================================
_______ ERROR collecting modules/asset_registry/tests/test_registry.py ________
ImportError while importing test module 'C:\modelPlate\modules\asset_registry\tests\test_registry.py'.
Hint: make sure your test modules/packages have valid Python names.
Traceback:
C:\Users\Ímer\anaconda3\Lib\importlib\__init__.py:90: in import_module
    return _bootstrap._gcd_import(name[level:], package, level)
C:\Users\Ímer\Desktop\modelPlate\modules\asset_registry\tests\test_registry.py:2: in <module>
    ???
E   ModuleNotFoundError: No module named 'modules'
__ ERROR collecting modules/capture_workflow/tests/test_coverage_analyzer.py __
ImportError while importing test module 'C:\modelPlate\modules\capture_workflow\tests\test_coverage_analyzer.py'.
Hint: make sure your test modules/packages have valid Python names.
Traceback:
C:\Users\Ímer\anaconda3\Lib\importlib\__init__.py:90: in import_module
    return _bootstrap._gcd_import(name[level:], package, level)
C:\Users\Ímer\Desktop\modelPlate\modules\capture_workflow\tests\test_coverage_analyzer.py:2: in <module>
    ???
modules\capture_workflow\__init__.py:1: in <module>
    from .session_manager import SessionManager
modules\capture_workflow\session_manager.py:5: in <module>
    from modules.shared_contracts.models import CaptureSession
E   ModuleNotFoundError: No module named 'modules'
___ ERROR collecting modules/capture_workflow/tests/test_frame_extractor.py ___
ImportError while importing test module 'C:\modelPlate\modules\capture_workflow\tests\test_frame_extractor.py'.
Hint: make sure your test modules/packages have valid Python names.
Traceback:
C:\Users\Ímer\anaconda3\Lib\importlib\__init__.py:90: in import_module
    return _bootstrap._gcd_import(name[level:], package, level)
C:\Users\Ímer\Desktop\modelPlate\modules\capture_workflow\tests\test_frame_extractor.py:6: in <module>
    ???
modules\capture_workflow\__init__.py:1: in <module>
    from .session_manager import SessionManager
modules\capture_workflow\session_manager.py:5: in <module>
    from modules.shared_contracts.models import CaptureSession
E   ModuleNotFoundError: No module named 'modules'
______ ERROR collecting modules/capture_workflow/tests/test_packager.py _______
ImportError while importing test module 'C:\modelPlate\modules\capture_workflow\tests\test_packager.py'.
Hint: make sure your test modules/packages have valid Python names.
Traceback:
C:\Users\Ímer\anaconda3\Lib\importlib\__init__.py:90: in import_module
    return _bootstrap._gcd_import(name[level:], package, level)
C:\Users\Ímer\Desktop\modelPlate\modules\capture_workflow\tests\test_packager.py:4: in <module>
    ???
modules\capture_workflow\__init__.py:1: in <module>
    from .session_manager import SessionManager
modules\capture_workflow\session_manager.py:5: in <module>
    from modules.shared_contracts.models import CaptureSession
E   ModuleNotFoundError: No module named 'modules'
__ ERROR collecting modules/capture_workflow/tests/test_quality_analyzer.py ___
ImportError while importing test module 'C:\modelPlate\modules\capture_workflow\tests\test_quality_analyzer.py'.
Hint: make sure your test modules/packages have valid Python names.
Traceback:
C:\Users\Ímer\anaconda3\Lib\importlib\__init__.py:90: in import_module
    return _bootstrap._gcd_import(name[level:], package, level)
C:\Users\Ímer\Desktop\modelPlate\modules\capture_workflow\tests\test_quality_analyzer.py:3: in <module>
    ???
modules\capture_workflow\__init__.py:1: in <module>
    from .session_manager import SessionManager
modules\capture_workflow\session_manager.py:5: in <module>
    from modules.shared_contracts.models import CaptureSession
E   ModuleNotFoundError: No module named 'modules'
___ ERROR collecting modules/capture_workflow/tests/test_session_manager.py ___
ImportError while importing test module 'C:\modelPlate\modules\capture_workflow\tests\test_session_manager.py'.
Hint: make sure your test modules/packages have valid Python names.
Traceback:
C:\Users\Ímer\anaconda3\Lib\importlib\__init__.py:90: in import_module
    return _bootstrap._gcd_import(name[level:], package, level)
C:\Users\Ímer\Desktop\modelPlate\modules\capture_workflow\tests\test_session_manager.py:3: in <module>
    ???
modules\capture_workflow\__init__.py:1: in <module>
    from .session_manager import SessionManager
modules\capture_workflow\session_manager.py:5: in <module>
    from modules.shared_contracts.models import CaptureSession
E   ModuleNotFoundError: No module named 'modules'
__ ERROR collecting modules/capture_workflow/tests/test_session_structure.py __
ImportError while importing test module 'C:\modelPlate\modules\capture_workflow\tests\test_session_structure.py'.
Hint: make sure your test modules/packages have valid Python names.
Traceback:
C:\Users\Ímer\anaconda3\Lib\importlib\__init__.py:90: in import_module
    return _bootstrap._gcd_import(name[level:], package, level)
C:\Users\Ímer\Desktop\modelPlate\modules\capture_workflow\tests\test_session_structure.py:4: in <module>
    ???
E   ModuleNotFoundError: No module named 'modules'
___ ERROR collecting modules/export_pipeline/tests/test_poster_generator.py ___
ImportError while importing test module 'C:\modelPlate\modules\export_pipeline\tests\test_poster_generator.py'.
Hint: make sure your test modules/packages have valid Python names.
Traceback:
C:\Users\Ímer\anaconda3\Lib\importlib\__init__.py:90: in import_module
    return _bootstrap._gcd_import(name[level:], package, level)
C:\Users\Ímer\Desktop\modelPlate\modules\export_pipeline\tests\test_poster_generator.py:6: in <module>
    ???
E   ModuleNotFoundError: No module named 'modules'
_____ ERROR collecting modules/operations/tests/test_worker_operations.py _____
ImportError while importing test module 'C:\modelPlate\modules\operations\tests\test_worker_operations.py'.
Hint: make sure your test modules/packages have valid Python names.
Traceback:
C:\Users\Ímer\anaconda3\Lib\importlib\__init__.py:90: in import_module
    return _bootstrap._gcd_import(name[level:], package, level)
modules\operations\tests\test_worker_operations.py:5: in <module>
    from modules.operations.worker import IngestionWorker
E   ModuleNotFoundError: No module named 'modules'
_______ ERROR collecting modules/qa_validation/tests/test_validator.py ________
ImportError while importing test module 'C:\modelPlate\modules\qa_validation\tests\test_validator.py'.
Hint: make sure your test modules/packages have valid Python names.
Traceback:
C:\Users\Ímer\anaconda3\Lib\importlib\__init__.py:90: in import_module
    return _bootstrap._gcd_import(name[level:], package, level)
C:\Users\Ímer\Desktop\modelPlate\modules\qa_validation\tests\test_validator.py:2: in <module>
    ???
E   ModuleNotFoundError: No module named 'modules'
_ ERROR collecting modules/reconstruction_engine/tests/test_colmap_adapter.py _
ImportError while importing test module 'C:\modelPlate\modules\reconstruction_engine\tests\test_colmap_adapter.py'.
Hint: make sure your test modules/packages have valid Python names.
Traceback:
C:\Users\Ímer\anaconda3\Lib\importlib\__init__.py:90: in import_module
    return _bootstrap._gcd_import(name[level:], package, level)
modules\reconstruction_engine\tests\test_colmap_adapter.py:6: in <module>
    from modules.reconstruction_engine.adapter import COLMAPAdapter
E   ModuleNotFoundError: No module named 'modules'
_ ERROR collecting modules/reconstruction_engine/tests/test_job_lifecycle.py __
ImportError while importing test module 'C:\modelPlate\modules\reconstruction_engine\tests\test_job_lifecycle.py'.
Hint: make sure your test modules/packages have valid Python names.
Traceback:
C:\Users\Ímer\anaconda3\Lib\importlib\__init__.py:90: in import_module
    return _bootstrap._gcd_import(name[level:], package, level)
C:\Users\Ímer\Desktop\modelPlate\modules\reconstruction_engine\tests\test_job_lifecycle.py:6: in <module>
    ???
modules\reconstruction_engine\__init__.py:1: in <module>
    from .job_manager import JobManager
modules\reconstruction_engine\job_manager.py:6: in <module>
    from modules.shared_contracts.models import ReconstructionJob, ReconstructionJobDraft
E   ModuleNotFoundError: No module named 'modules'
__ ERROR collecting modules/reconstruction_engine/tests/test_runner_mock.py ___
ImportError while importing test module 'C:\modelPlate\modules\reconstruction_engine\tests\test_runner_mock.py'.
Hint: make sure your test modules/packages have valid Python names.
Traceback:
C:\Users\Ímer\anaconda3\Lib\importlib\__init__.py:90: in import_module
    return _bootstrap._gcd_import(name[level:], package, level)
C:\Users\Ímer\Desktop\modelPlate\modules\reconstruction_engine\tests\test_runner_mock.py:6: in <module>
    ???
modules\reconstruction_engine\__init__.py:1: in <module>
    from .job_manager import JobManager
modules\reconstruction_engine\job_manager.py:6: in <module>
    from modules.shared_contracts.models import ReconstructionJob, ReconstructionJobDraft
E   ModuleNotFoundError: No module named 'modules'
__ ERROR collecting modules/shared_contracts/tests/test_lifecycle_failure.py __
ImportError while importing test module 'C:\modelPlate\modules\shared_contracts\tests\test_lifecycle_failure.py'.
Hint: make sure your test modules/packages have valid Python names.
Traceback:
C:\Users\Ímer\anaconda3\Lib\importlib\__init__.py:90: in import_module
    return _bootstrap._gcd_import(name[level:], package, level)
C:\Users\Ímer\Desktop\modelPlate\modules\shared_contracts\tests\test_lifecycle_failure.py:2: in <module>
    ???
E   ModuleNotFoundError: No module named 'modules'
_________ ERROR collecting modules/utils/tests/test_lock_recovery.py __________
ImportError while importing test module 'C:\modelPlate\modules\utils\tests\test_lock_recovery.py'.
Hint: make sure your test modules/packages have valid Python names.
Traceback:
C:\Users\Ímer\anaconda3\Lib\importlib\__init__.py:90: in import_module
    return _bootstrap._gcd_import(name[level:], package, level)
C:\Users\Ímer\Desktop\modelPlate\modules\utils\tests\test_lock_recovery.py:7: in <module>
    ???
E   ModuleNotFoundError: No module named 'modules'
=========================== short test summary info ===========================
ERROR modules/asset_registry/tests/test_registry.py
ERROR modules/capture_workflow/tests/test_coverage_analyzer.py
ERROR modules/capture_workflow/tests/test_frame_extractor.py
ERROR modules/capture_workflow/tests/test_packager.py
ERROR modules/capture_workflow/tests/test_quality_analyzer.py
ERROR modules/capture_workflow/tests/test_session_manager.py
ERROR modules/capture_workflow/tests/test_session_structure.py
ERROR modules/export_pipeline/tests/test_poster_generator.py
ERROR modules/operations/tests/test_worker_operations.py
ERROR modules/qa_validation/tests/test_validator.py
ERROR modules/reconstruction_engine/tests/test_colmap_adapter.py
ERROR modules/reconstruction_engine/tests/test_job_lifecycle.py
ERROR modules/reconstruction_engine/tests/test_runner_mock.py
ERROR modules/shared_contracts/tests/test_lifecycle_failure.py
ERROR modules/utils/tests/test_lock_recovery.py
!!!!!!!!!!!!!!!!!! Interrupted: 15 errors during collection !!!!!!!!!!!!!!!!!!!
============================= 15 errors in 0.85s ==============================
